---
source: e2e/src/introspection.rs
expression: "to_string_pretty(&json_body).expect(\"Failed to serialize JSON for snapshot\")"
---
{
  "data": {
    "TestInput": {
      "inputFields": [
        {
          "name": "oldField",
          "defaultValue": null
        },
        {
          "name": "newField",
          "defaultValue": "\"newFieldDefaultValue\""
        }
      ]
    }
  }
}
